// Jest Snapshot v1, https://goo.gl/fbAQLP

exports[`Should render NotFoundPagee correctly 1`] = `
<div>
  404 page not found 
  <Link
    replace={false}
    to="/"
  >
    Go Home
  </Link>
</div>
`;
